
Discarded input sections

 .text          0x0000000000000000        0x0 build/asm/header.s.o
 .bss           0x0000000000000000        0x0 build/asm/header.s.o
 .reginfo       0x0000000000000000       0x18 build/asm/header.s.o
 .MIPS.abiflags
                0x0000000000000000       0x18 build/asm/header.s.o
 .pdr           0x0000000000000000        0x0 build/asm/header.s.o
 .gnu.attributes
                0x0000000000000000       0x10 build/asm/header.s.o
 .options       0x0000000000000000       0x20 build/src/1000.c.o
 .reginfo       0x0000000000000000       0x18 build/src/1000.c.o
 .mdebug        0x0000000000000000     0xe234 build/src/1000.c.o
 .options       0x0000000000000000       0x20 build/src/1130.c.o
 .reginfo       0x0000000000000000       0x18 build/src/1130.c.o
 .mdebug        0x0000000000000000     0xe9f0 build/src/1130.c.o
 .reginfo       0x0000000000000000       0x18 build/asm/1870.s.o
 .MIPS.abiflags
                0x0000000000000000       0x18 build/asm/1870.s.o
 .pdr           0x0000000000000000        0x0 build/asm/1870.s.o
 .gnu.attributes
                0x0000000000000000       0x10 build/asm/1870.s.o
 .reginfo       0x0000000000000000       0x18 build/asm/3B40.s.o
 .MIPS.abiflags
                0x0000000000000000       0x18 build/asm/3B40.s.o
 .pdr           0x0000000000000000        0x0 build/asm/3B40.s.o
 .gnu.attributes
                0x0000000000000000       0x10 build/asm/3B40.s.o
 .reginfo       0x0000000000000000       0x18 build/asm/3F50.s.o
 .MIPS.abiflags
                0x0000000000000000       0x18 build/asm/3F50.s.o
 .pdr           0x0000000000000000        0x0 build/asm/3F50.s.o
 .gnu.attributes
                0x0000000000000000       0x10 build/asm/3F50.s.o
 .reginfo       0x0000000000000000       0x18 build/asm/9D50.s.o
 .MIPS.abiflags
                0x0000000000000000       0x18 build/asm/9D50.s.o
 .pdr           0x0000000000000000        0x0 build/asm/9D50.s.o
 .gnu.attributes
                0x0000000000000000       0x10 build/asm/9D50.s.o
 .reginfo       0x0000000000000000       0x18 build/asm/DAE0.s.o
 .MIPS.abiflags
                0x0000000000000000       0x18 build/asm/DAE0.s.o
 .pdr           0x0000000000000000        0x0 build/asm/DAE0.s.o
 .gnu.attributes
                0x0000000000000000       0x10 build/asm/DAE0.s.o
 .reginfo       0x0000000000000000       0x18 build/asm/E2A0.s.o
 .MIPS.abiflags
                0x0000000000000000       0x18 build/asm/E2A0.s.o
 .pdr           0x0000000000000000        0x0 build/asm/E2A0.s.o
 .gnu.attributes
                0x0000000000000000       0x10 build/asm/E2A0.s.o
 .reginfo       0x0000000000000000       0x18 build/asm/113F0.s.o
 .MIPS.abiflags
                0x0000000000000000       0x18 build/asm/113F0.s.o
 .pdr           0x0000000000000000        0x0 build/asm/113F0.s.o
 .gnu.attributes
                0x0000000000000000       0x10 build/asm/113F0.s.o
 .reginfo       0x0000000000000000       0x18 build/asm/13DE0.s.o
 .MIPS.abiflags
                0x0000000000000000       0x18 build/asm/13DE0.s.o
 .pdr           0x0000000000000000        0x0 build/asm/13DE0.s.o
 .gnu.attributes
                0x0000000000000000       0x10 build/asm/13DE0.s.o
 .reginfo       0x0000000000000000       0x18 build/asm/140D0.s.o
 .MIPS.abiflags
                0x0000000000000000       0x18 build/asm/140D0.s.o
 .pdr           0x0000000000000000        0x0 build/asm/140D0.s.o
 .gnu.attributes
                0x0000000000000000       0x10 build/asm/140D0.s.o
 .reginfo       0x0000000000000000       0x18 build/asm/15150.s.o
 .MIPS.abiflags
                0x0000000000000000       0x18 build/asm/15150.s.o
 .pdr           0x0000000000000000        0x0 build/asm/15150.s.o
 .gnu.attributes
                0x0000000000000000       0x10 build/asm/15150.s.o
 .reginfo       0x0000000000000000       0x18 build/asm/17360.s.o
 .MIPS.abiflags
                0x0000000000000000       0x18 build/asm/17360.s.o
 .pdr           0x0000000000000000        0x0 build/asm/17360.s.o
 .gnu.attributes
                0x0000000000000000       0x10 build/asm/17360.s.o
 .reginfo       0x0000000000000000       0x18 build/asm/1B200.s.o
 .MIPS.abiflags
                0x0000000000000000       0x18 build/asm/1B200.s.o
 .pdr           0x0000000000000000        0x0 build/asm/1B200.s.o
 .gnu.attributes
                0x0000000000000000       0x10 build/asm/1B200.s.o
 .reginfo       0x0000000000000000       0x18 build/asm/1E570.s.o
 .MIPS.abiflags
                0x0000000000000000       0x18 build/asm/1E570.s.o
 .pdr           0x0000000000000000        0x0 build/asm/1E570.s.o
 .gnu.attributes
                0x0000000000000000       0x10 build/asm/1E570.s.o
 .reginfo       0x0000000000000000       0x18 build/asm/1FA00.s.o
 .MIPS.abiflags
                0x0000000000000000       0x18 build/asm/1FA00.s.o
 .pdr           0x0000000000000000        0x0 build/asm/1FA00.s.o
 .gnu.attributes
                0x0000000000000000       0x10 build/asm/1FA00.s.o
[...]
Memory Configuration

Name             Origin             Length             Attributes
*default*        0x0000000000000000 0xffffffffffffffff

Linker script and memory map

LOAD build/asm/header.s.o
LOAD build/assets/boot.bin.o
LOAD build/src/1000.c.o
LOAD build/src/1130.c.o
LOAD build/asm/1870.s.o
LOAD build/asm/3B40.s.o
LOAD build/asm/3F50.s.o
LOAD build/asm/9D50.s.o
LOAD build/asm/DAE0.s.o
LOAD build/asm/E2A0.s.o
LOAD build/asm/113F0.s.o
LOAD build/asm/13DE0.s.o
LOAD build/asm/140D0.s.o
LOAD build/asm/15150.s.o
LOAD build/asm/17360.s.o
LOAD build/asm/1B200.s.o
LOAD build/asm/1E570.s.o
LOAD build/asm/1FA00.s.o
LOAD build/asm/20DA0.s.o
LOAD build/asm/216E0.s.o
LOAD build/asm/272D0.s.o
LOAD build/asm/27600.s.o
LOAD build/asm/27A90.s.o
LOAD build/asm/28D20.s.o
LOAD build/asm/29150.s.o
LOAD build/asm/2B0F0.s.o
LOAD build/asm/337B0.s.o
LOAD build/asm/35EC0.s.o
LOAD build/asm/363B0.s.o
LOAD build/asm/36DB0.s.o
LOAD build/asm/36E60.s.o
LOAD build/asm/376C0.s.o
LOAD build/asm/37980.s.o
LOAD build/asm/37AD0.s.o
LOAD build/asm/37E40.s.o
LOAD build/asm/37EB0.s.o
LOAD build/asm/37F20.s.o
LOAD build/asm/38060.s.o
LOAD build/asm/382C0.s.o
LOAD build/asm/382F0.s.o
LOAD build/asm/38680.s.o
LOAD build/asm/38770.s.o
LOAD build/asm/38A80.s.o
LOAD build/asm/38AF0.s.o
LOAD build/asm/38CB0.s.o
LOAD build/asm/38D30.s.o
LOAD build/asm/38DB0.s.o
LOAD build/asm/38E40.s.o
LOAD build/asm/39110.s.o
LOAD build/asm/39330.s.o
LOAD build/asm/39610.s.o
LOAD build/asm/39820.s.o
LOAD build/asm/39BA0.s.o
LOAD build/asm/39E30.s.o
LOAD build/asm/3A2C0.s.o
LOAD build/asm/3A360.s.o
LOAD build/asm/3A4D0.s.o
LOAD build/asm/3A550.s.o
LOAD build/asm/3A5D0.s.o
LOAD build/asm/3A680.s.o
LOAD build/asm/3A790.s.o
LOAD build/asm/3A7D0.s.o
LOAD build/asm/3A830.s.o
LOAD build/asm/3A980.s.o
LOAD build/asm/3AA80.s.o
LOAD build/asm/3B170.s.o
LOAD build/asm/3B220.s.o
LOAD build/asm/3B230.s.o
LOAD build/asm/3C460.s.o
LOAD build/asm/3C6B0.s.o
LOAD build/asm/3C6F0.s.o
LOAD build/asm/3D1B0.s.o
LOAD build/asm/3D1F0.s.o
LOAD build/asm/3D280.s.o
LOAD build/asm/3D2C0.s.o
LOAD build/asm/3D9D0.s.o
LOAD build/asm/3DA70.s.o
LOAD build/asm/3DA90.s.o
LOAD build/asm/3DB20.s.o
LOAD build/asm/3DB80.s.o
LOAD build/asm/3DBD0.s.o
LOAD build/asm/3DC30.s.o
LOAD build/asm/3DC90.s.o
LOAD build/asm/3DCF0.s.o
LOAD build/asm/3E4D0.s.o
LOAD build/asm/3E510.s.o
LOAD build/asm/3E850.s.o
LOAD build/asm/3E8C0.s.o
LOAD build/asm/3EAA0.s.o
LOAD build/asm/3EC80.s.o
LOAD build/asm/3EE20.s.o
LOAD build/asm/3F2A0.s.o
LOAD build/asm/3F510.s.o
LOAD build/asm/3F960.s.o
LOAD build/asm/3F9C0.s.o
LOAD build/asm/3FB90.s.o
LOAD build/asm/3FBB0.s.o
LOAD build/asm/3FC60.s.o
LOAD build/asm/405B0.s.o
LOAD build/asm/40610.s.o
LOAD build/asm/40670.s.o
LOAD build/asm/40710.s.o
LOAD build/asm/40750.s.o
LOAD build/asm/40870.s.o
LOAD build/asm/40C60.s.o
LOAD build/asm/41230.s.o
LOAD build/asm/41240.s.o
LOAD build/asm/41250.s.o
LOAD build/asm/415A0.s.o
LOAD build/asm/41630.s.o
LOAD build/asm/41660.s.o
LOAD build/asm/41A70.s.o
LOAD build/asm/41D70.s.o
LOAD build/asm/41D80.s.o
LOAD build/asm/41E40.s.o
LOAD build/asm/42B00.s.o
LOAD build/asm/42BA0.s.o
LOAD build/asm/42D20.s.o
LOAD build/asm/42D30.s.o
LOAD build/asm/43810.s.o
LOAD build/asm/438B0.s.o
LOAD build/asm/44550.s.o
LOAD build/asm/44850.s.o
LOAD build/asm/454B0.s.o
LOAD build/asm/455C0.s.o
LOAD build/asm/46FF0.s.o
LOAD build/asm/470C0.s.o
LOAD build/asm/47210.s.o
LOAD build/asm/472A0.s.o
LOAD build/asm/474D0.s.o
LOAD build/asm/47610.s.o
LOAD build/asm/476A0.s.o
LOAD build/asm/47740.s.o
LOAD build/asm/477D0.s.o
LOAD build/asm/47AC0.s.o
LOAD build/asm/47B40.s.o
LOAD build/asm/47D70.s.o
LOAD build/asm/488F0.s.o
LOAD build/asm/49340.s.o
LOAD build/asm/494B0.s.o
LOAD build/asm/49700.s.o
LOAD build/asm/497E0.s.o
LOAD build/asm/49990.s.o
LOAD build/asm/499C0.s.o
LOAD build/asm/49AD0.s.o
LOAD build/asm/49B30.s.o
LOAD build/asm/49E60.s.o
LOAD build/asm/49EB0.s.o
LOAD build/asm/49F00.s.o
LOAD build/asm/49F10.s.o
LOAD build/asm/4A1B0.s.o
LOAD build/asm/4AC70.s.o
LOAD build/asm/4ACF0.s.o
LOAD build/asm/4AD10.s.o
LOAD build/asm/4B960.s.o
LOAD build/asm/4C3F0.s.o
LOAD build/assets/4C580.bin.o
LOAD build/assets/4C7B0.bin.o
                0x0000000001000000                __romPos = 0x0
                0x0000000000000000                _gp = 0x0
                0x0000000000000000                header_ROM_START = __romPos
                0x0000000000000000                header_VRAM = ADDR (.header)

.header         0x0000000000000000       0x40
                0x0000000000000000                header_DATA_START = .
                0x0000000000000000                header_s = .
 build/asm/header.s.o(.data)
 .data          0x0000000000000000       0x40 build/asm/header.s.o
                0x0000000000000040                header_DATA_END = .
                0x0000000000000040                header_DATA_SIZE = ABSOLUTE ((header_DATA_END - header_DATA_START))
                0x0000000001000000                __romPos = (__romPos + SIZEOF (.header))
                0x0000000000000040                header_ROM_END = __romPos
                0x0000000000000040                header_VRAM_END = .
                0x0000000000000040                boot_ROM_START = __romPos
                0x0000000000000040                boot_VRAM = ADDR (.boot)

.boot           0x0000000000000040      0xfc0
                0x0000000000000040                boot_DATA_START = .
                0x0000000000000040                boot_bin = .
 build/assets/boot.bin.o(.data)
 .data          0x0000000000000040      0xfc0 build/assets/boot.bin.o
                0x0000000000000040                _binary_assets_boot_bin_start
                0x0000000000001000                _binary_assets_boot_bin_end
                0x0000000000001000                boot_DATA_END = .
                0x0000000000000fc0                boot_DATA_SIZE = ABSOLUTE ((boot_DATA_END - boot_DATA_START))
                0x0000000001000000                __romPos = (__romPos + SIZEOF (.boot))
                0x0000000000001000                boot_ROM_END = __romPos
                0x0000000000001000                boot_VRAM_END = .
                0x0000000000001000                main_ROM_START = __romPos
                0x0000000080000400                main_VRAM = ADDR (.main)

.main           0x0000000080000400    0x4b7b0 load address 0x0000000000001000
                0x0000000080000400                main_TEXT_START = .
 build/src/1000.c.o(.text)
 .text          0x0000000080000400      0x130 build/src/1000.c.o
                0x0000000080000400                func_80000400
                0x00000000800004b0                func_800004B0
 build/src/1130.c.o(.text)
 .text          0x0000000080000530      0x740 build/src/1130.c.o
                0x0000000080000530                func_80000530
                0x000000008000062c                func_8000062C
                0x00000000800006f8                func_800006F8
                0x0000000080000704                func_80000704
                0x0000000080000710                func_80000710
                0x00000000800007f4                func_800007F4
                0x0000000080000844                func_80000844
                0x00000000800008d0                func_800008D0
                0x0000000080000920                func_80000920
                0x0000000080000aa0                func_80000AA0
                0x0000000080000bd4                func_80000BD4
 build/asm/1870.s.o(.text)
 .text          0x0000000080000c70     0x22d0 build/asm/1870.s.o
                0x0000000080000c70                func_80000C70
                0x0000000080000e9c                .L80000E9C
                0x0000000080000eac                .L80000EAC
                0x0000000080000ebc                .L80000EBC
                0x0000000080000ecc                .L80000ECC
                0x0000000080000edc                .L80000EDC
                0x0000000080000eec                .L80000EEC
                0x0000000080000efc                .L80000EFC
                0x0000000080000f4c                func_80000F4C
                0x0000000080001084                func_80001084
                0x00000000800011b8                func_800011B8
                0x0000000080001278                func_80001278
                0x0000000080001944                func_80001944
                0x000000008000205c                func_8000205C
                0x00000000800023f4                func_800023F4
                0x000000008000275c                func_8000275C
                0x0000000080002948                func_80002948
                0x0000000080002a8c                func_80002A8C
                0x0000000080002bdc                func_80002BDC
                0x0000000080002d44                func_80002D44
                0x0000000080002db0                func_80002DB0
                0x0000000080002de0                .L80002DE0
                0x0000000080002dfc                .L80002DFC
                0x0000000080002e18                .L80002E18
                0x0000000080002e34                .L80002E34
                0x0000000080002e50                .L80002E50
                0x0000000080002e74                func_80002E74
                0x0000000080002ea4                .L80002EA4
                0x0000000080002ec0                .L80002EC0
                0x0000000080002edc                .L80002EDC
                0x0000000080002ef8                .L80002EF8
                0x0000000080002f14                .L80002F14
 build/asm/3B40.s.o(.text)
 .text          0x0000000080002f40      0x410 build/asm/3B40.s.o
                0x0000000080002f40                func_80002F40
                0x0000000080003184                func_80003184
                0x000000008000328c                func_8000328C
                0x00000000800032e4                func_800032E4
 build/asm/3F50.s.o(.text)
 .text          0x0000000080003350     0x5e00 build/asm/3F50.s.o
                0x0000000080003350                func_80003350
                0x0000000080003494                func_80003494
                0x0000000080003b20                func_80003B20
                0x0000000080003be0                func_80003BE0
                0x000000008000464c                func_8000464C
                0x00000000800047f8                func_800047F8
                0x00000000800049f4                func_800049F4
                0x0000000080004dec                func_80004DEC
                0x0000000080004e28                func_80004E28
                0x0000000080004ed0                func_80004ED0
                0x000000008000503c                func_8000503C
                0x00000000800050e8                func_800050E8
                0x000000008000525c                func_8000525C
                0x00000000800052e0                func_800052E0
                0x000000008000571c                func_8000571C
                0x0000000080005850                func_80005850
                0x0000000080005a18                func_80005A18
                0x0000000080005ab4                func_80005AB4
                0x0000000080005c00                func_80005C00
                0x0000000080005d18                func_80005D18
                0x0000000080005e78                func_80005E78
                0x0000000080006040                func_80006040
                0x0000000080006168                func_80006168
                0x000000008000665c                func_8000665C
                0x00000000800069e0                func_800069E0
                0x0000000080006a50                func_80006A50
                0x0000000080006a58                func_80006A58
                0x0000000080006d24                func_80006D24
                0x0000000080006f80                func_80006F80
                0x0000000080007320                func_80007320
                0x00000000800073e8                func_800073E8
                0x0000000080007658                func_80007658
                0x000000008000791c                func_8000791C
                0x00000000800079b4                func_800079B4
                0x0000000080007a38                func_80007A38
                0x0000000080007a8c                func_80007A8C
                0x0000000080007d30                func_80007D30
                0x0000000080007e04                func_80007E04
                0x0000000080007eac                func_80007EAC
                0x0000000080007fd8                func_80007FD8
                0x000000008000847c                func_8000847C
                0x0000000080008540                func_80008540
                0x00000000800085d8                func_800085D8
                0x0000000080008840                func_80008840
                0x0000000080008970                func_80008970
                0x0000000080008a40                func_80008A40
 build/asm/9D50.s.o(.text)
 .text          0x0000000080009150     0x3d90 build/asm/9D50.s.o
                0x0000000080009150                func_80009150
                0x00000000800091e0                func_800091E0
                0x0000000080009594                func_80009594
                0x0000000080009764                func_80009764
                0x00000000800097f8                func_800097F8
                0x0000000080009988                func_80009988
                0x0000000080009a54                func_80009A54
                0x0000000080009ddc                func_80009DDC
                0x000000008000a040                func_8000A040
                0x000000008000a0f8                func_8000A0F8
                0x000000008000a1d0                func_8000A1D0
                0x000000008000a2a0                func_8000A2A0
                0x000000008000a310                func_8000A310
                0x000000008000a3e4                func_8000A3E4
                0x000000008000a5e4                func_8000A5E4
                0x000000008000a65c                func_8000A65C
                0x000000008000a6d0                func_8000A6D0
                0x000000008000a95c                func_8000A95C
                0x000000008000aa28                func_8000AA28
                0x000000008000aa74                func_8000AA74
                0x000000008000ac84                func_8000AC84
                0x000000008000af14                func_8000AF14
                0x000000008000b030                func_8000B030
                0x000000008000b0d8                func_8000B0D8
                0x000000008000b508                func_8000B508
                0x000000008000b7a4                func_8000B7A4
                0x000000008000ba20                func_8000BA20
                0x000000008000bb90                func_8000BB90
                0x000000008000bca4                func_8000BCA4
                0x000000008000bfe0                func_8000BFE0
                0x000000008000c05c                func_8000C05C
                0x000000008000c3fc                func_8000C3FC
                0x000000008000c48c                func_8000C48C
                0x000000008000c528                func_8000C528
                0x000000008000c5f8                .L8000C5F8
                0x000000008000c608                .L8000C608
                0x000000008000c618                .L8000C618
                0x000000008000ca88                func_8000CA88
                0x000000008000cab8                func_8000CAB8
                0x000000008000cae8                func_8000CAE8
                0x000000008000cc30                func_8000CC30
                0x000000008000cc40                func_8000CC40
                0x000000008000cc78                func_8000CC78
 build/asm/DAE0.s.o(.text)
 .text          0x000000008000cee0      0x7c0 build/asm/DAE0.s.o
                0x000000008000cee0                func_8000CEE0
                0x000000008000cef0                func_8000CEF0
                0x000000008000cfd8                func_8000CFD8
                0x000000008000d100                func_8000D100
                0x000000008000d19c                func_8000D19C
                0x000000008000d398                func_8000D398
                0x000000008000d3cc                func_8000D3CC
                0x000000008000d40c                func_8000D40C
                0x000000008000d528                func_8000D528
 build/asm/E2A0.s.o(.text)
 .text          0x000000008000d6a0     0x3150 build/asm/E2A0.s.o
                0x000000008000d6a0                func_8000D6A0
                0x000000008000ddbc                func_8000DDBC
                0x000000008000de54                func_8000DE54
                0x000000008000e81c                func_8000E81C
                0x000000008000eea8                func_8000EEA8
                0x000000008000f34c                func_8000F34C
                0x000000008000f4a0                func_8000F4A0
                0x000000008000f4c8                func_8000F4C8
                0x000000008000f50c                func_8000F50C
                0x000000008000f5dc                func_8000F5DC
                0x000000008000f740                func_8000F740
                0x000000008000fa9c                func_8000FA9C
                0x000000008000fbb4                func_8000FBB4
                0x000000008000fc50                func_8000FC50
                0x000000008000fce0                func_8000FCE0
                0x000000008000fd54                func_8000FD54
                0x000000008000fda8                func_8000FDA8
                0x000000008000ff18                func_8000FF18
                0x0000000080010104                func_80010104
                0x00000000800104c0                func_800104C0
                0x0000000080010768                func_80010768
 build/asm/113F0.s.o(.text)
 .text          0x00000000800107f0     0x29f0 build/asm/113F0.s.o
                0x00000000800107f0                func_800107F0
                0x0000000080010a4c                func_80010A4C
                0x0000000080010bc8                func_80010BC8
                0x0000000080010f34                func_80010F34
                0x0000000080011034                func_80011034
                0x000000008001164c                func_8001164C
                0x0000000080011770                func_80011770
                0x00000000800118e4                func_800118E4
                0x0000000080011978                func_80011978
                0x0000000080011a10                func_80011A10
                0x0000000080011a60                func_80011A60
                0x0000000080011ae0                func_80011AE0
                0x0000000080011c60                func_80011C60
                0x0000000080011ea0                func_80011EA0
                0x0000000080011ef4                func_80011EF4
                0x00000000800124e8                func_800124E8
                0x000000008001263c                func_8001263C
                0x0000000080012800                func_80012800
                0x0000000080012854                func_80012854
                0x0000000080012a60                func_80012A60
                0x0000000080012a90                func_80012A90
                0x0000000080012ae0                func_80012AE0
                0x0000000080012b00                func_80012B00
                0x0000000080012b34                func_80012B34
                0x0000000080012b68                func_80012B68
                0x0000000080012b88                func_80012B88
                0x00000000800130f8                func_800130F8
 build/asm/13DE0.s.o(.text)
 .text          0x00000000800131e0      0x2f0 build/asm/13DE0.s.o
                0x00000000800131e0                func_800131E0
                0x00000000800131f0                func_800131F0
                0x0000000080013264                func_80013264
 build/asm/140D0.s.o(.text)
 .text          0x00000000800134d0     0x1080 build/asm/140D0.s.o
                0x00000000800134d0                func_800134D0
                0x0000000080013500                func_80013500
                0x00000000800136b8                func_800136B8
                0x0000000080013808                func_80013808
                0x00000000800139ec                func_800139EC
                0x0000000080013a50                func_80013A50
                0x0000000080013b20                func_80013B20
                0x0000000080013b60                func_80013B60
                0x0000000080013ba0                func_80013BA0
                0x0000000080013bd0                func_80013BD0
                0x0000000080013d08                func_80013D08
                0x0000000080013e4c                func_80013E4C
                0x0000000080013fa4                func_80013FA4
                0x00000000800140b0                func_800140B0
                0x00000000800140f0                func_800140F0
                0x0000000080014130                func_80014130
                0x0000000080014318                func_80014318
                0x00000000800144b4                func_800144B4
 build/asm/15150.s.o(.text)
 .text          0x0000000080014550     0x2210 build/asm/15150.s.o
                0x0000000080014550                func_80014550
                0x0000000080014994                func_80014994
                0x0000000080014e04                func_80014E04
                0x0000000080015494                func_80015494
                0x0000000080015810                func_80015810
                0x0000000080015878                func_80015878
                0x0000000080015ad8                func_80015AD8
                0x0000000080015b88                func_80015B88
                0x0000000080015b94                func_80015B94
                0x0000000080015c38                func_80015C38
                0x0000000080015d78                func_80015D78
                0x0000000080015db4                func_80015DB4
                0x0000000080015f44                func_80015F44
                0x0000000080016218                func_80016218
                0x000000008001628c                func_8001628C
                0x00000000800163f4                func_800163F4
                0x0000000080016578                func_80016578
                0x000000008001668c                func_8001668C
 build/asm/17360.s.o(.text)
 .text          0x0000000080016760     0x3ea0 build/asm/17360.s.o
                0x0000000080016760                func_80016760
                0x00000000800167b0                func_800167B0
                0x00000000800168f0                func_800168F0
                0x00000000800169b8                func_800169B8
                0x0000000080016de0                func_80016DE0
                0x0000000080016e34                func_80016E34
                0x0000000080016ea8                func_80016EA8
                0x0000000080016f3c                func_80016F3C
                0x0000000080017028                func_80017028
                0x0000000080017134                func_80017134
                0x0000000080017244                func_80017244
                0x00000000800172d0                func_800172D0
                0x000000008001744c                func_8001744C
                0x0000000080017590                func_80017590
                0x0000000080017630                func_80017630
                0x0000000080017ab0                func_80017AB0
                0x0000000080017aec                func_80017AEC
                0x0000000080017f48                func_80017F48
                0x000000008001809c                func_8001809C
                0x0000000080018348                func_80018348
                0x0000000080018444                func_80018444
                0x0000000080018480                func_80018480
                0x000000008001860c                func_8001860C
                0x00000000800187c4                func_800187C4
                0x0000000080018968                func_80018968
                0x00000000800189f0                func_800189F0
                0x0000000080018aac                func_80018AAC
                0x0000000080018b40                func_80018B40
                0x0000000080018c14                func_80018C14
                0x0000000080018cd8                func_80018CD8
                0x0000000080018d88                func_80018D88
                0x0000000080018dc0                func_80018DC0
                0x0000000080018fb0                func_80018FB0
                0x0000000080019024                func_80019024
                0x0000000080019034                func_80019034
                0x00000000800190bc                func_800190BC
                0x0000000080019104                func_80019104
                0x0000000080019184                func_80019184
                0x000000008001920c                func_8001920C
                0x00000000800192c8                func_800192C8
                0x00000000800193a4                func_800193A4
                0x0000000080019408                func_80019408
                0x0000000080019450                func_80019450
                0x0000000080019498                func_80019498
                0x00000000800194e0                func_800194E0
                0x00000000800195e0                func_800195E0
                0x00000000800195fc                func_800195FC
                0x0000000080019820                func_80019820
                0x00000000800199c0                func_800199C0
                0x0000000080019bfc                func_80019BFC
                0x0000000080019d2c                func_80019D2C
                0x0000000080019fc8                func_80019FC8
                0x000000008001a1a4                func_8001A1A4
                0x000000008001a2a0                func_8001A2A0
                0x000000008001a2c4                func_8001A2C4
                0x000000008001a2ec                func_8001A2EC
                0x000000008001a340                func_8001A340
                0x000000008001a3ec                func_8001A3EC
                0x000000008001a4ac                func_8001A4AC
                0x000000008001a56c                func_8001A56C
 build/asm/1B200.s.o(.text)
 .text          0x000000008001a600     0x3370 build/asm/1B200.s.o
                0x000000008001a600                func_8001A600
                0x000000008001a658                func_8001A658
                0x000000008001a6b4                func_8001A6B4
                0x000000008001a6e4                func_8001A6E4
                0x000000008001a728                func_8001A728
                0x000000008001a828                func_8001A828
                0x000000008001a8f4                func_8001A8F4
                0x000000008001a948                func_8001A948
                0x000000008001ab44                func_8001AB44
                0x000000008001ac20                func_8001AC20
                0x000000008001ad28                func_8001AD28
                0x000000008001ad64                func_8001AD64
                0x000000008001ade4                func_8001ADE4
                0x000000008001ae24                func_8001AE24
                0x000000008001af90                func_8001AF90
                0x000000008001b3cc                func_8001B3CC
                0x000000008001b3fc                func_8001B3FC
                0x000000008001b45c                func_8001B45C
                0x000000008001b688                func_8001B688
                0x000000008001b7e0                func_8001B7E0
                0x000000008001b9c0                func_8001B9C0
                0x000000008001bb18                func_8001BB18
                0x000000008001bb48                func_8001BB48
                0x000000008001be2c                func_8001BE2C
                0x000000008001c038                func_8001C038
                0x000000008001c060                func_8001C060
                0x000000008001c298                func_8001C298
                0x000000008001c2f8                func_8001C2F8
                0x000000008001c7e8                func_8001C7E8
                0x000000008001c818                func_8001C818
                0x000000008001c948                func_8001C948
                0x000000008001cbd0                func_8001CBD0
                0x000000008001cdf4                func_8001CDF4
                0x000000008001d688                func_8001D688
                0x000000008001d6a8                func_8001D6A8
                0x000000008001d94c                func_8001D94C
 build/asm/1E570.s.o(.text)
 .text          0x000000008001d970     0x1490 build/asm/1E570.s.o
                0x000000008001d970                func_8001D970
                0x000000008001d9a8                func_8001D9A8
                0x000000008001da3c                func_8001DA3C
                0x000000008001dce8                func_8001DCE8
                0x000000008001ddac                .L8001DDAC
                0x000000008001dfac                .L8001DFAC
                0x000000008001e1b0                .L8001E1B0
                0x000000008001e3bc                .L8001E3BC
                0x000000008001e5c8                .L8001E5C8
                0x000000008001e7cc                .L8001E7CC
                0x000000008001e9d0                .L8001E9D0
                0x000000008001ebd8                .L8001EBD8
 build/asm/1FA00.s.o(.text)
 .text          0x000000008001ee00     0x13a0 build/asm/1FA00.s.o
                0x000000008001ee00                func_8001EE00
                0x000000008001ee94                func_8001EE94
                0x000000008001f164                func_8001F164
                0x000000008001f36c                func_8001F36C
                0x000000008001f888                func_8001F888
                0x000000008001fc14                func_8001FC14
                0x000000008001fd44                func_8001FD44
                0x000000008001fe08                func_8001FE08
                0x000000008001ff10                func_8001FF10
                0x00000000800200f0                func_800200F0
                0x00000000800200f8                func_800200F8
                0x000000008002018c                func_8002018C
 build/asm/20DA0.s.o(.text)
 .text          0x00000000800201a0      0x940 build/asm/20DA0.s.o
                0x00000000800201a0                func_800201A0
                0x0000000080020214                func_80020214
                0x0000000080020428                func_80020428
                0x0000000080020568                func_80020568
                0x000000008002099c                func_8002099C
                0x0000000080020a28                func_80020A28
 build/asm/216E0.s.o(.text)
 .text          0x0000000080020ae0     0x5bf0 build/asm/216E0.s.o
                0x0000000080020ae0                func_80020AE0
                0x0000000080020b78                func_80020B78
                0x0000000080021030                func_80021030
                0x00000000800213a8                func_800213A8
                0x0000000080021920                func_80021920
                0x0000000080021c04                func_80021C04
                0x0000000080022658                func_80022658
                0x0000000080022970                func_80022970
                0x00000000800230a8                func_800230A8
                0x00000000800231c4                func_800231C4
                0x00000000800232a8                func_800232A8
                0x000000008002338c                func_8002338C
                0x0000000080023470                func_80023470
                0x00000000800235d8                func_800235D8
                0x000000008002373c                func_8002373C
                0x0000000080023930                func_80023930
                0x0000000080023d28                func_80023D28
                0x0000000080023dec                func_80023DEC
                0x0000000080023df4                func_80023DF4
                0x0000000080023dfc                func_80023DFC
                0x0000000080023e04                func_80023E04
                0x0000000080023e0c                func_80023E0C
                0x0000000080023e14                func_80023E14
                0x000000008002430c                func_8002430C
                0x000000008002433c                func_8002433C
                0x000000008002440c                func_8002440C
                0x00000000800245d0                func_800245D0
                0x0000000080024694                func_80024694
                0x0000000080024904                func_80024904
                0x0000000080024974                func_80024974
                0x0000000080024a4c                func_80024A4C
                0x0000000080024a54                func_80024A54
                0x0000000080024d40                func_80024D40
                0x0000000080024eb0                func_80024EB0
                0x0000000080024f20                func_80024F20
                0x0000000080024fc4                func_80024FC4
                0x0000000080024ff0                func_80024FF0
                0x000000008002504c                func_8002504C
                0x0000000080025094                func_80025094
                0x00000000800250d8                func_800250D8
                0x00000000800251cc                func_800251CC
                0x0000000080025228                func_80025228
                0x0000000080025318                func_80025318
                0x0000000080026040                func_80026040
                0x0000000080026054                func_80026054
                0x00000000800260a8                func_800260A8
                0x00000000800260f4                func_800260F4
                0x0000000080026130                func_80026130
                0x0000000080026140                func_80026140
                0x0000000080026284                func_80026284
                0x0000000080026400                func_80026400
                0x0000000080026430                func_80026430
 build/asm/272D0.s.o(.text)
 .text          0x00000000800266d0      0x330 build/asm/272D0.s.o
                0x00000000800266d0                func_800266D0
                0x0000000080026774                func_80026774
                0x00000000800269b8                func_800269B8
 build/asm/27600.s.o(.text)
 .text          0x0000000080026a00      0x490 build/asm/27600.s.o
                0x0000000080026a00                func_80026A00
                0x0000000080026e20                func_80026E20
 build/asm/27A90.s.o(.text)
 .text          0x0000000080026e90     0x1290 build/asm/27A90.s.o
                0x0000000080026e90                func_80026E90
                0x0000000080026ee8                func_80026EE8
                0x0000000080027070                func_80027070
                0x00000000800270d0                func_800270D0
                0x00000000800271b4                func_800271B4
                0x0000000080027220                func_80027220
                0x00000000800273c0                func_800273C0
                0x0000000080027430                func_80027430
                0x000000008002758c                func_8002758C
                0x00000000800275dc                func_800275DC
                0x000000008002773c                func_8002773C
                0x00000000800277a4                func_800277A4
                0x0000000080027834                func_80027834
                0x00000000800278c8                func_800278C8
                0x0000000080027a8c                func_80027A8C
                0x0000000080027adc                func_80027ADC
                0x0000000080027cb4                func_80027CB4
                0x0000000080027d40                func_80027D40
                0x0000000080027ffc                func_80027FFC
 build/asm/28D20.s.o(.text)
 .text          0x0000000080028120      0x430 build/asm/28D20.s.o
                0x0000000080028120                func_80028120
                0x00000000800281f0                func_800281F0
 build/asm/29150.s.o(.text)
 .text          0x0000000080028550     0x1fa0 build/asm/29150.s.o
                0x0000000080028550                func_80028550
                0x00000000800285c4                func_800285C4
                0x0000000080028788                func_80028788
                0x0000000080028908                func_80028908
                0x00000000800289dc                func_800289DC
                0x0000000080028aac                func_80028AAC
                0x0000000080028f00                func_80028F00
                0x0000000080028fa8                func_80028FA8
                0x0000000080028ffc                func_80028FFC
                0x0000000080029198                func_80029198
                0x0000000080029224                func_80029224
                0x00000000800292dc                func_800292DC
                0x0000000080029328                func_80029328
                0x0000000080029374                func_80029374
                0x0000000080029520                func_80029520
                0x0000000080029588                func_80029588
                0x00000000800295d0                func_800295D0
                0x0000000080029618                func_80029618
                0x00000000800296d0                .L800296D0
                0x00000000800296e4                .L800296E4
                0x0000000080029700                .L80029700
                0x000000008002971c                .L8002971C
                0x0000000080029734                .L80029734
                0x00000000800297f4                func_800297F4
                0x0000000080029834                func_80029834
                0x0000000080029880                func_80029880
                0x0000000080029a38                func_80029A38
                0x0000000080029a88                func_80029A88
                0x0000000080029ad4                func_80029AD4
                0x0000000080029d10                func_80029D10
                0x000000008002a07c                .L8002A07C
                0x000000008002a098                .L8002A098
                0x000000008002a0b4                .L8002A0B4
                0x000000008002a0d0                .L8002A0D0
                0x000000008002a0ec                .L8002A0EC
                0x000000008002a118                func_8002A118
                0x000000008002a1f8                func_8002A1F8
                0x000000008002a2ac                func_8002A2AC
                0x000000008002a338                func_8002A338
                0x000000008002a38c                func_8002A38C
                0x000000008002a410                func_8002A410
                0x000000008002a458                func_8002A458
 build/asm/2B0F0.s.o(.text)
 .text          0x000000008002a4f0     0x86c0 build/asm/2B0F0.s.o
                0x000000008002a4f0                func_8002A4F0
                0x000000008002a558                func_8002A558
                0x000000008002a6b8                func_8002A6B8
                0x000000008002a6f4                func_8002A6F4
                0x000000008002a744                func_8002A744
                0x000000008002a7c8                func_8002A7C8
                0x000000008002a890                func_8002A890
                0x000000008002a900                func_8002A900
                0x000000008002a930                func_8002A930
                0x000000008002a954                func_8002A954
                0x000000008002a984                func_8002A984
                0x000000008002ac1c                func_8002AC1C
                0x000000008002ae58                func_8002AE58
                0x000000008002b844                func_8002B844
                0x000000008002c598                func_8002C598
                0x000000008002d7cc                func_8002D7CC
                0x000000008002decc                func_8002DECC
                0x000000008002df98                .L8002DF98
                0x000000008002dfa8                .L8002DFA8
                0x000000008002dfb0                .L8002DFB0
                0x000000008002dfbc                .L8002DFBC
                0x000000008002dfc0                .L8002DFC0
                0x000000008002e42c                func_8002E42C
                0x000000008002e9dc                func_8002E9DC
                0x000000008002eed8                func_8002EED8
                0x000000008002f2e4                func_8002F2E4
                0x000000008002f6d8                func_8002F6D8
                0x000000008002f87c                func_8002F87C
                0x000000008002fa00                func_8002FA00
                0x000000008002fa6c                func_8002FA6C
                0x000000008002fb10                .L8002FB10
                0x000000008002fb24                .L8002FB24
                0x000000008002fb38                .L8002FB38
                0x000000008002fb4c                .L8002FB4C
                0x000000008002fb60                .L8002FB60
                0x000000008002fb74                .L8002FB74
                0x000000008002fb88                .L8002FB88
                0x000000008002fbe0                func_8002FBE0
                0x000000008002fdb8                func_8002FDB8
                0x00000000800301dc                func_800301DC
                0x00000000800304b4                .L800304B4
                0x00000000800304e8                .L800304E8
                0x00000000800304f0                .L800304F0
                0x0000000080030524                .L80030524
                0x0000000080030574                .L80030574
                0x00000000800305b0                .L800305B0
                0x0000000080030638                .L80030638
                0x0000000080030660                .L80030660
                0x00000000800306b4                .L800306B4
                0x0000000080030ad0                .L80030AD0
                0x0000000080030aec                .L80030AEC
                0x0000000080030b18                .L80030B18
                0x0000000080030b48                .L80030B48
                0x0000000080030b78                .L80030B78
                0x0000000080030b9c                .L80030B9C
                0x0000000080030bc4                .L80030BC4
                0x0000000080030bd4                .L80030BD4
                0x0000000080030c20                .L80030C20
                0x0000000080030c30                .L80030C30
                0x0000000080030c40                .L80030C40
                0x0000000080030c68                .L80030C68
                0x0000000080030c84                .L80030C84
                0x0000000080030cb8                .L80030CB8
                0x0000000080030ce0                .L80030CE0
                0x0000000080030d24                .L80030D24
                0x0000000080030d4c                .L80030D4C
                0x0000000080030d5c                func_80030D5C
                0x0000000080030ffc                .L80030FFC
                0x0000000080031020                .L80031020
                0x0000000080031044                .L80031044
                0x0000000080031050                .L80031050
                0x0000000080031074                .L80031074
                0x0000000080031080                .L80031080
                0x00000000800310a4                .L800310A4
                0x0000000080031104                .L80031104
                0x0000000080031110                .L80031110
                0x000000008003111c                .L8003111C
                0x0000000080031124                .L80031124
                0x0000000080031434                .L80031434
                0x0000000080031454                .L80031454
                0x0000000080031474                .L80031474
                0x000000008003147c                .L8003147C
                0x000000008003149c                .L8003149C
                0x00000000800314a4                .L800314A4
                0x00000000800314c4                .L800314C4
                0x0000000080031514                .L80031514
                0x000000008003151c                .L8003151C
                0x0000000080031524                .L80031524
                0x0000000080031528                .L80031528
                0x0000000080031b28                func_80031B28
                0x0000000080031b68                func_80031B68
                0x0000000080031c9c                func_80031C9C
                0x0000000080031e10                func_80031E10
                0x0000000080032134                func_80032134
                0x000000008003226c                func_8003226C
                0x00000000800324f4                func_800324F4
                0x0000000080032558                func_80032558
                0x00000000800327bc                func_800327BC
                0x00000000800329b0                func_800329B0
 build/asm/337B0.s.o(.text)
 .text          0x0000000080032bb0     0x2710 build/asm/337B0.s.o
                0x0000000080032bb0                func_80032BB0
                0x0000000080032bf8                func_80032BF8
                0x0000000080032d20                func_80032D20
                0x0000000080033050                func_80033050
                0x0000000080033a98                .L80033A98
                0x0000000080033acc                .L80033ACC
                0x0000000080033aec                .L80033AEC
                0x0000000080033b18                .L80033B18
                0x0000000080033b38                .L80033B38
                0x000000008003403c                func_8003403C
                0x0000000080034274                func_80034274
                0x0000000080034380                func_80034380
                0x000000008003453c                func_8003453C
                0x00000000800348b8                func_800348B8
                0x0000000080034b30                func_80034B30
                0x0000000080034c18                func_80034C18
                0x0000000080034c9c                func_80034C9C
                0x000000008003509c                func_8003509C
                0x000000008003521c                func_8003521C
                0x000000008003522c                func_8003522C
 build/asm/35EC0.s.o(.text)
 .text          0x00000000800352c0      0x4f0 build/asm/35EC0.s.o
                0x00000000800352c0                func_800352C0
                0x0000000080035308                func_80035308
                0x0000000080035350                func_80035350
 build/asm/363B0.s.o(.text)
 .text          0x00000000800357b0      0xa00 build/asm/363B0.s.o
                0x00000000800357b0                func_800357B0
                0x0000000080035970                func_80035970
                0x0000000080035a24                func_80035A24
                0x0000000080035cc8                func_80035CC8
                0x0000000080035d58                func_80035D58
                0x0000000080035e24                func_80035E24
                0x0000000080035ea8                func_80035EA8
                0x0000000080035f0c                func_80035F0C
                0x0000000080035f94                func_80035F94
                0x000000008003609c                func_8003609C
                0x00000000800360c0                .L800360C0
                0x00000000800360c8                .L800360C8
                0x00000000800360d0                .L800360D0
                0x00000000800360d8                .L800360D8
                0x00000000800360e0                .L800360E0
                0x00000000800360e8                .L800360E8
                0x00000000800360f8                func_800360F8
                0x0000000080036124                func_80036124
                0x0000000080036144                func_80036144
                0x0000000080036164                func_80036164
                0x0000000080036184                func_80036184
 build/asm/36DB0.s.o(.text)
 .text          0x00000000800361b0       0xb0 build/asm/36DB0.s.o
                0x00000000800361b0                func_800361B0
                0x00000000800361e8                func_800361E8
                0x0000000080036220                func_80036220
 build/asm/36E60.s.o(.text)
 .text          0x0000000080036260      0x860 build/asm/36E60.s.o
                0x0000000080036260                func_80036260
                0x000000008003627c                func_8003627C
                0x000000008003642c                func_8003642C
                0x00000000800364f4                func_800364F4
                0x0000000080036544                func_80036544
                0x0000000080036664                func_80036664
 build/asm/376C0.s.o(.text)
 .text          0x0000000080036ac0      0x2c0 build/asm/376C0.s.o
                0x0000000080036ac0                func_80036AC0
 build/asm/37980.s.o(.text)
 .text          0x0000000080036d80      0x150 build/asm/37980.s.o
                0x0000000080036d80                func_80036D80
 build/asm/37AD0.s.o(.text)
 .text          0x0000000080036ed0      0x370 build/asm/37AD0.s.o
                0x0000000080036ed0                func_80036ED0
                0x0000000080037020                func_80037020
                0x000000008003719c                func_8003719C
                0x0000000080037210                func_80037210
 build/asm/37E40.s.o(.text)
 .text          0x0000000080037240       0x70 build/asm/37E40.s.o
                0x0000000080037240                func_80037240
 build/asm/37EB0.s.o(.text)
 .text          0x00000000800372b0       0x70 build/asm/37EB0.s.o
                0x00000000800372b0                func_800372B0
 build/asm/37F20.s.o(.text)
 .text          0x0000000080037320      0x140 build/asm/37F20.s.o
                0x0000000080037320                func_80037320
 build/asm/38060.s.o(.text)
 .text          0x0000000080037460      0x260 build/asm/38060.s.o
                0x0000000080037460                func_80037460
                0x00000000800374d0                func_800374D0
                0x0000000080037570                func_80037570
 build/asm/382C0.s.o(.text)
 .text          0x00000000800376c0       0x30 build/asm/382C0.s.o
                0x00000000800376c0                func_800376C0
 build/asm/382F0.s.o(.text)
 .text          0x00000000800376f0      0x390 build/asm/382F0.s.o
                0x00000000800376f0                func_800376F0
                0x0000000080037710                func_80037710
                0x0000000080037790                func_80037790
                0x00000000800378ac                func_800378AC
                0x0000000080037a3c                func_80037A3C
 build/asm/38680.s.o(.text)
 .text          0x0000000080037a80       0xf0 build/asm/38680.s.o
                0x0000000080037a80                func_80037A80
                0x0000000080037ad0                func_80037AD0
 build/asm/38770.s.o(.text)
 .text          0x0000000080037b70      0x310 build/asm/38770.s.o
                0x0000000080037b70                func_80037B70
                0x0000000080037cf0                func_80037CF0
 build/asm/38A80.s.o(.text)
 .text          0x0000000080037e80       0x70 build/asm/38A80.s.o
                0x0000000080037e80                func_80037E80
 build/asm/38AF0.s.o(.text)
 .text          0x0000000080037ef0      0x1c0 build/asm/38AF0.s.o
                0x0000000080037ef0                func_80037EF0
 build/asm/38CB0.s.o(.text)
 .text          0x00000000800380b0       0x80 build/asm/38CB0.s.o
                0x00000000800380b0                func_800380B0
 build/asm/38D30.s.o(.text)
 .text          0x0000000080038130       0x80 build/asm/38D30.s.o
                0x0000000080038130                func_80038130
 build/asm/38DB0.s.o(.text)
 .text          0x00000000800381b0       0x90 build/asm/38DB0.s.o
                0x00000000800381b0                func_800381B0
 build/asm/38E40.s.o(.text)
 .text          0x0000000080038240      0x2d0 build/asm/38E40.s.o
                0x0000000080038240                func_80038240
                0x000000008003826c                func_8003826C
                0x00000000800382a8                func_800382A8
                0x00000000800382e4                func_800382E4
                0x0000000080038310                func_80038310
                0x000000008003834c                func_8003834C
                0x00000000800383a8                func_800383A8
                0x00000000800383d8                func_800383D8
                0x0000000080038438                func_80038438
                0x00000000800384d4                func_800384D4
                0x0000000080038500                func_80038500
 build/asm/39110.s.o(.text)
 .text          0x0000000080038510      0x220 build/asm/39110.s.o
                0x0000000080038510                func_80038510
                0x00000000800386c0                func_800386C0
 build/asm/39330.s.o(.text)
 .text          0x0000000080038730      0x2e0 build/asm/39330.s.o
                0x0000000080038730                func_80038730
                0x00000000800387a0                func_800387A0
                0x00000000800388a0                func_800388A0
                0x0000000080038928                func_80038928
                0x0000000080038958                func_80038958
 build/asm/39610.s.o(.text)
 .text          0x0000000080038a10      0x210 build/asm/39610.s.o
                0x0000000080038a10                func_80038A10
                0x0000000080038ab0                func_80038AB0
 build/asm/39820.s.o(.text)
 .text          0x0000000080038c20      0x380 build/asm/39820.s.o
                0x0000000080038c20                func_80038C20
                0x0000000080038de0                func_80038DE0
                0x0000000080038f34                func_80038F34
 build/asm/39BA0.s.o(.text)
 .text          0x0000000080038fa0      0x290 build/asm/39BA0.s.o
                0x0000000080038fa0                func_80038FA0
                0x00000000800391d0                func_800391D0
 build/asm/39E30.s.o(.text)
 .text          0x0000000080039230      0x490 build/asm/39E30.s.o
                0x0000000080039230                func_80039230
                0x000000008003963c                func_8003963C
 build/asm/3A2C0.s.o(.text)
 .text          0x00000000800396c0       0xa0 build/asm/3A2C0.s.o
                0x00000000800396c0                func_800396C0
                0x0000000080039708                func_80039708
 build/asm/3A360.s.o(.text)
 .text          0x0000000080039760      0x170 build/asm/3A360.s.o
                0x0000000080039760                func_80039760
 build/asm/3A4D0.s.o(.text)
 .text          0x00000000800398d0       0x80 build/asm/3A4D0.s.o
                0x00000000800398d0                func_800398D0
                0x00000000800398f4                func_800398F4
 build/asm/3A550.s.o(.text)
 .text          0x0000000080039950       0x80 build/asm/3A550.s.o
                0x0000000080039950                func_80039950
 build/asm/3A5D0.s.o(.text)
 .text          0x00000000800399d0       0xb0 build/asm/3A5D0.s.o
                0x00000000800399d0                func_800399D0
 build/asm/3A680.s.o(.text)
 .text          0x0000000080039a80      0x110 build/asm/3A680.s.o
                0x0000000080039a80                func_80039A80
 build/asm/3A790.s.o(.text)
 .text          0x0000000080039b90       0x40 build/asm/3A790.s.o
                0x0000000080039b90                func_80039B90
 build/asm/3A7D0.s.o(.text)
 .text          0x0000000080039bd0       0x60 build/asm/3A7D0.s.o
                0x0000000080039bd0                func_80039BD0
 build/asm/3A830.s.o(.text)
 .text          0x0000000080039c30      0x150 build/asm/3A830.s.o
                0x0000000080039c30                func_80039C30
 build/asm/3A980.s.o(.text)
 .text          0x0000000080039d80      0x100 build/asm/3A980.s.o
                0x0000000080039d80                func_80039D80
                0x0000000080039db0                func_80039DB0
                0x0000000080039dd4                func_80039DD4
                0x0000000080039e0c                func_80039E0C
                0x0000000080039e40                func_80039E40
 build/asm/3AA80.s.o(.text)
 .text          0x0000000080039e80      0x6f0 build/asm/3AA80.s.o
                0x0000000080039e80                func_80039E80
                0x0000000080039e88                func_80039E88
                0x0000000080039ee0                func_80039EE0
                0x0000000080039f18                func_80039F18
                0x0000000080039f78                func_80039F78
                0x0000000080039f90                func_80039F90
                0x0000000080039fc0                func_80039FC0
                0x0000000080039fc8                func_80039FC8
                0x000000008003a260                func_8003A260
                0x000000008003a560                func_8003A560
 build/asm/3B170.s.o(.text)
 .text          0x000000008003a570       0xb0 build/asm/3B170.s.o
                0x000000008003a570                func_8003A570
 build/asm/3B220.s.o(.text)
 .text          0x000000008003a620       0x10 build/asm/3B220.s.o
                0x000000008003a620                func_8003A620
 build/asm/3B230.s.o(.text)
 .text          0x000000008003a630     0x1230 build/asm/3B230.s.o
                0x000000008003a630                func_8003A630
                0x000000008003a6a0                func_8003A6A0
                0x000000008003a6d4                func_8003A6D4
                0x000000008003a6dc                func_8003A6DC
                0x000000008003a8ac                func_8003A8AC
                0x000000008003a8f0                .L8003A8F0
                0x000000008003ac90                .L8003AC90
                0x000000008003ace8                .L8003ACE8
                0x000000008003ad4c                .L8003AD4C
                0x000000008003adc0                .L8003ADC0
                0x000000008003aff8                .L8003AFF8
                0x000000008003b02c                .L8003B02C
                0x000000008003b0c4                .L8003B0C4
                0x000000008003b0d4                func_8003B0D4
                0x000000008003b0dc                func_8003B0DC
                0x000000008003b140                .L8003B140
                0x000000008003b17c                .L8003B17C
                0x000000008003b1a4                .L8003B1A4
                0x000000008003b1d0                .L8003B1D0
                0x000000008003b1fc                .L8003B1FC
                0x000000008003b20c                .L8003B20C
                0x000000008003b22c                .L8003B22C
                0x000000008003b278                .L8003B278
                0x000000008003b2dc                .L8003B2DC
                0x000000008003b3e8                .L8003B3E8
                0x000000008003b470                .L8003B470
                0x000000008003b48c                .L8003B48C
                0x000000008003b4ac                .L8003B4AC
                0x000000008003b510                .L8003B510
                0x000000008003b534                .L8003B534
                0x000000008003b5a0                .L8003B5A0
                0x000000008003b63c                .L8003B63C
                0x000000008003b658                .L8003B658
                0x000000008003b68c                .L8003B68C
                0x000000008003b69c                .L8003B69C
                0x000000008003b6f0                func_8003B6F0
 build/asm/3C460.s.o(.text)
 .text          0x000000008003b860      0x250 build/asm/3C460.s.o
                0x000000008003b860                func_8003B860
                0x000000008003b868                func_8003B868
                0x000000008003b870                func_8003B870
                0x000000008003b95c                func_8003B95C
                0x000000008003b964                func_8003B964
                0x000000008003ba68                func_8003BA68
 build/asm/3C6B0.s.o(.text)
 .text          0x000000008003bab0       0x40 build/asm/3C6B0.s.o
                0x000000008003bab0                func_8003BAB0
 build/asm/3C6F0.s.o(.text)
 .text          0x000000008003baf0      0xac0 build/asm/3C6F0.s.o
                0x000000008003baf0                func_8003BAF0
                0x000000008003bb90                func_8003BB90
                0x000000008003bc30                func_8003BC30
                0x000000008003bcf4                func_8003BCF4
                0x000000008003bd4c                func_8003BD4C
                0x000000008003bd54                func_8003BD54
                0x000000008003c04c                func_8003C04C
                0x000000008003c160                func_8003C160
                0x000000008003c2cc                func_8003C2CC
                0x000000008003c2d4                func_8003C2D4
                0x000000008003c3d0                func_8003C3D0
                0x000000008003c43c                func_8003C43C
 build/asm/3D1B0.s.o(.text)
 .text          0x000000008003c5b0       0x40 build/asm/3D1B0.s.o
                0x000000008003c5b0                func_8003C5B0
 build/asm/3D1F0.s.o(.text)
 .text          0x000000008003c5f0       0x90 build/asm/3D1F0.s.o
                0x000000008003c5f0                func_8003C5F0
                0x000000008003c620                func_8003C620
 build/asm/3D280.s.o(.text)
 .text          0x000000008003c680       0x40 build/asm/3D280.s.o
                0x000000008003c680                func_8003C680
                0x000000008003c6b0                func_8003C6B0
 build/asm/3D2C0.s.o(.text)
 .text          0x000000008003c6c0      0x710 build/asm/3D2C0.s.o
                0x000000008003c6c0                func_8003C6C0
                0x000000008003c73c                func_8003C73C
                0x000000008003c744                func_8003C744
                0x000000008003c74c                func_8003C74C
                0x000000008003c7e8                .L8003C7E8
                0x000000008003c950                .L8003C950
                0x000000008003ca1c                .L8003CA1C
                0x000000008003ca84                .L8003CA84
                0x000000008003cad8                .L8003CAD8
                0x000000008003cb00                .L8003CB00
                0x000000008003cb64                .L8003CB64
                0x000000008003cc10                .L8003CC10
                0x000000008003cc40                .L8003CC40
                0x000000008003cc94                func_8003CC94
 build/asm/3D9D0.s.o(.text)
 .text          0x000000008003cdd0       0xa0 build/asm/3D9D0.s.o
                0x000000008003cdd0                func_8003CDD0
 build/asm/3DA70.s.o(.text)
 .text          0x000000008003ce70       0x20 build/asm/3DA70.s.o
                0x000000008003ce70                func_8003CE70
 build/asm/3DA90.s.o(.text)
 .text          0x000000008003ce90       0x90 build/asm/3DA90.s.o
                0x000000008003ce90                func_8003CE90
                0x000000008003ceb0                func_8003CEB0
 build/asm/3DB20.s.o(.text)
 .text          0x000000008003cf20       0x60 build/asm/3DB20.s.o
                0x000000008003cf20                func_8003CF20
 build/asm/3DB80.s.o(.text)
 .text          0x000000008003cf80       0x50 build/asm/3DB80.s.o
                0x000000008003cf80                func_8003CF80
 build/asm/3DBD0.s.o(.text)
 .text          0x000000008003cfd0       0x60 build/asm/3DBD0.s.o
                0x000000008003cfd0                func_8003CFD0
 build/asm/3DC30.s.o(.text)
 .text          0x000000008003d030       0x60 build/asm/3DC30.s.o
                0x000000008003d030                func_8003D030
 build/asm/3DC90.s.o(.text)
 .text          0x000000008003d090       0x60 build/asm/3DC90.s.o
                0x000000008003d090                func_8003D090
 build/asm/3DCF0.s.o(.text)
 .text          0x000000008003d0f0      0x7e0 build/asm/3DCF0.s.o
                0x000000008003d0f0                func_8003D0F0
                0x000000008003d2e0                func_8003D2E0
                0x000000008003d448                func_8003D448
                0x000000008003d554                func_8003D554
                0x000000008003d6b0                func_8003D6B0
 build/asm/3E4D0.s.o(.text)
 .text          0x000000008003d8d0       0x40 build/asm/3E4D0.s.o
                0x000000008003d8d0                func_8003D8D0
                0x000000008003d8ec                func_8003D8EC
 build/asm/3E510.s.o(.text)
 .text          0x000000008003d910      0x340 build/asm/3E510.s.o
                0x000000008003d910                func_8003D910
                0x000000008003da80                func_8003DA80
                0x000000008003db50                func_8003DB50
 build/asm/3E850.s.o(.text)
 .text          0x000000008003dc50       0x70 build/asm/3E850.s.o
                0x000000008003dc50                func_8003DC50
 build/asm/3E8C0.s.o(.text)
 .text          0x000000008003dcc0      0x1e0 build/asm/3E8C0.s.o
                0x000000008003dcc0                func_8003DCC0
                0x000000008003dd44                func_8003DD44
                0x000000008003ddd0                func_8003DDD0
 build/asm/3EAA0.s.o(.text)
 .text          0x000000008003dea0      0x1e0 build/asm/3EAA0.s.o
                0x000000008003dea0                func_8003DEA0
 build/asm/3EC80.s.o(.text)
 .text          0x000000008003e080      0x1a0 build/asm/3EC80.s.o
                0x000000008003e080                func_8003E080
 build/asm/3EE20.s.o(.text)
 .text          0x000000008003e220      0x480 build/asm/3EE20.s.o
                0x000000008003e220                func_8003E220
                0x000000008003e554                func_8003E554
 build/asm/3F2A0.s.o(.text)
 .text          0x000000008003e6a0      0x270 build/asm/3F2A0.s.o
                0x000000008003e6a0                func_8003E6A0
                0x000000008003e878                func_8003E878
 build/asm/3F510.s.o(.text)
 .text          0x000000008003e910      0x450 build/asm/3F510.s.o
                0x000000008003e910                func_8003E910
                0x000000008003e9e4                func_8003E9E4
 build/asm/3F960.s.o(.text)
 .text          0x000000008003ed60       0x60 build/asm/3F960.s.o
                0x000000008003ed60                func_8003ED60
 build/asm/3F9C0.s.o(.text)
 .text          0x000000008003edc0      0x1d0 build/asm/3F9C0.s.o
                0x000000008003edc0                func_8003EDC0
                0x000000008003eee0                func_8003EEE0
                0x000000008003ef64                func_8003EF64
 build/asm/3FB90.s.o(.text)
 .text          0x000000008003ef90       0x20 build/asm/3FB90.s.o
                0x000000008003ef90                func_8003EF90
                0x000000008003efa0                func_8003EFA0
 build/asm/3FBB0.s.o(.text)
 .text          0x000000008003efb0       0xb0 build/asm/3FBB0.s.o
                0x000000008003efb0                func_8003EFB0
                0x000000008003efc0                func_8003EFC0
                0x000000008003f010                func_8003F010
 build/asm/3FC60.s.o(.text)
 .text          0x000000008003f060      0x950 build/asm/3FC60.s.o
                0x000000008003f060                func_8003F060
                0x000000008003f2a8                .L8003F2A8
                0x000000008003f2b4                .L8003F2B4
                0x000000008003f2c0                .L8003F2C0
                0x000000008003f2e0                .L8003F2E0
                0x000000008003f324                .L8003F324
                0x000000008003f464                .L8003F464
                0x000000008003f4c0                .L8003F4C0
                0x000000008003f4e0                .L8003F4E0
                0x000000008003f518                .L8003F518
                0x000000008003f594                func_8003F594
                0x000000008003f67c                func_8003F67C
                0x000000008003f77c                func_8003F77C
                0x000000008003f7c4                func_8003F7C4
                0x000000008003f7d4                func_8003F7D4
                0x000000008003f960                func_8003F960
 build/asm/405B0.s.o(.text)
 .text          0x000000008003f9b0       0x60 build/asm/405B0.s.o
                0x000000008003f9b0                func_8003F9B0
 build/asm/40610.s.o(.text)
 .text          0x000000008003fa10       0x60 build/asm/40610.s.o
                0x000000008003fa10                func_8003FA10
 build/asm/40670.s.o(.text)
 .text          0x000000008003fa70       0xa0 build/asm/40670.s.o
                0x000000008003fa70                func_8003FA70
 build/asm/40710.s.o(.text)
 .text          0x000000008003fb10       0x40 build/asm/40710.s.o
                0x000000008003fb10                func_8003FB10
                0x000000008003fb30                func_8003FB30
 build/asm/40750.s.o(.text)
 .text          0x000000008003fb50      0x120 build/asm/40750.s.o
                0x000000008003fb50                func_8003FB50
                0x000000008003fb90                func_8003FB90
                0x000000008003fbe0                func_8003FBE0
                0x000000008003fc24                func_8003FC24
                0x000000008003fc50                func_8003FC50
 build/asm/40870.s.o(.text)
 .text          0x000000008003fc70      0x3f0 build/asm/40870.s.o
                0x000000008003fc70                func_8003FC70
                0x000000008003fd50                func_8003FD50
                0x000000008003fe30                func_8003FE30
 build/asm/40C60.s.o(.text)
 .text          0x0000000080040060      0x5d0 build/asm/40C60.s.o
                0x0000000080040060                func_80040060
                0x0000000080040354                .L80040354
                0x0000000080040390                .L80040390
                0x00000000800403cc                .L800403CC
                0x0000000080040414                .L80040414
                0x000000008004045c                .L8004045C
                0x000000008004047c                .L8004047C
                0x00000000800404f0                func_800404F0
 build/asm/41230.s.o(.text)
 .text          0x0000000080040630       0x10 build/asm/41230.s.o
                0x0000000080040630                func_80040630
 build/asm/41240.s.o(.text)
 .text          0x0000000080040640       0x10 build/asm/41240.s.o
                0x0000000080040640                func_80040640
 build/asm/41250.s.o(.text)
 .text          0x0000000080040650      0x350 build/asm/41250.s.o
                0x0000000080040650                func_80040650
                0x0000000080040960                func_80040960
 build/asm/415A0.s.o(.text)
 .text          0x00000000800409a0       0x90 build/asm/415A0.s.o
                0x00000000800409a0                func_800409A0
 build/asm/41630.s.o(.text)
 .text          0x0000000080040a30       0x30 build/asm/41630.s.o
                0x0000000080040a30                func_80040A30
 build/asm/41660.s.o(.text)
 .text          0x0000000080040a60      0x410 build/asm/41660.s.o
                0x0000000080040a60                func_80040A60
                0x0000000080040aec                func_80040AEC
                0x0000000080040c64                func_80040C64
                0x0000000080040cd8                func_80040CD8
                0x0000000080040e60                func_80040E60
 build/asm/41A70.s.o(.text)
 .text          0x0000000080040e70      0x300 build/asm/41A70.s.o
                0x0000000080040e70                func_80040E70
 build/asm/41D70.s.o(.text)
 .text          0x0000000080041170       0x10 build/asm/41D70.s.o
                0x0000000080041170                func_80041170
 build/asm/41D80.s.o(.text)
 .text          0x0000000080041180       0xc0 build/asm/41D80.s.o
                0x0000000080041180                func_80041180
 build/asm/41E40.s.o(.text)
 .text          0x0000000080041240      0xcc0 build/asm/41E40.s.o
                0x0000000080041240                func_80041240
                0x00000000800412b0                .L800412B0
                0x00000000800412e8                .L800412E8
                0x0000000080041458                .L80041458
                0x00000000800415a8                .L800415A8
                0x000000008004170c                .L8004170C
                0x00000000800417dc                .L800417DC
                0x0000000080041824                .L80041824
                0x0000000080041888                .L80041888
                0x00000000800418b0                func_800418B0
 build/asm/42B00.s.o(.text)
 .text          0x0000000080041f00       0xa0 build/asm/42B00.s.o
                0x0000000080041f00                func_80041F00
                0x0000000080041f2c                func_80041F2C
                0x0000000080041f54                func_80041F54
 build/asm/42BA0.s.o(.text)
 .text          0x0000000080041fa0      0x180 build/asm/42BA0.s.o
                0x0000000080041fa0                func_80041FA0
                0x00000000800420f0                func_800420F0
 build/asm/42D20.s.o(.text)
 .text          0x0000000080042120       0x10 build/asm/42D20.s.o
                0x0000000080042120                func_80042120
 build/asm/42D30.s.o(.text)
 .text          0x0000000080042130      0xae0 build/asm/42D30.s.o
                0x0000000080042130                func_80042130
                0x00000000800421dc                func_800421DC
                0x000000008004224c                func_8004224C
                0x0000000080042370                func_80042370
                0x00000000800423fc                func_800423FC
                0x0000000080042470                func_80042470
                0x00000000800424b4                func_800424B4
                0x0000000080042508                func_80042508
                0x000000008004255c                func_8004255C
                0x00000000800425e4                func_800425E4
                0x000000008004268c                func_8004268C
                0x0000000080042730                func_80042730
                0x00000000800427d0                func_800427D0
                0x0000000080042878                .L80042878
                0x0000000080042884                .L80042884
                0x0000000080042890                .L80042890
                0x000000008004289c                .L8004289C
                0x00000000800428a8                .L800428A8
                0x00000000800428b4                .L800428B4
 build/asm/43810.s.o(.text)
 .text          0x0000000080042c10       0xa0 build/asm/43810.s.o
                0x0000000080042c10                func_80042C10
 build/asm/438B0.s.o(.text)
 .text          0x0000000080042cb0      0xca0 build/asm/438B0.s.o
                0x0000000080042cb0                func_80042CB0
                0x0000000080042ce0                func_80042CE0
                0x0000000080042e00                func_80042E00
                0x0000000080042fd4                func_80042FD4
                0x0000000080043380                func_80043380
                0x00000000800434ac                func_800434AC
 build/asm/44550.s.o(.text)
 .text          0x0000000080043950      0x300 build/asm/44550.s.o
                0x0000000080043950                func_80043950
                0x0000000080043980                .L80043980
                0x0000000080043988                .L80043988
                0x00000000800439c4                .L800439C4
                0x00000000800439f4                .L800439F4
                0x0000000080043a04                .L80043A04
                0x0000000080043a10                .L80043A10
                0x0000000080043a3c                func_80043A3C
 build/asm/44850.s.o(.text)
 .text          0x0000000080043c50      0xc60 build/asm/44850.s.o
                0x0000000080043c50                func_80043C50
                0x0000000080043c78                func_80043C78
                0x0000000080043d64                func_80043D64
                0x0000000080043e44                func_80043E44
                0x0000000080044014                func_80044014
                0x00000000800442ac                func_800442AC
                0x000000008004435c                func_8004435C
                0x0000000080044410                .L80044410
                0x0000000080044550                .L80044550
                0x00000000800446f4                .L800446F4
                0x0000000080044748                .L80044748
                0x0000000080044788                .L80044788
                0x00000000800447a8                .L800447A8
 build/asm/454B0.s.o(.text)
 .text          0x00000000800448b0      0x110 build/asm/454B0.s.o
                0x00000000800448b0                func_800448B0
                0x00000000800448e0                func_800448E0
 build/asm/455C0.s.o(.text)
 .text          0x00000000800449c0     0x1a30 build/asm/455C0.s.o
                0x00000000800449c0                func_800449C0
                0x00000000800449f4                func_800449F4
                0x0000000080044a80                func_80044A80
                0x0000000080044ab0                func_80044AB0
                0x0000000080044b04                func_80044B04
                0x0000000080044b84                func_80044B84
                0x0000000080044c38                func_80044C38
                0x0000000080044c40                func_80044C40
                0x0000000080044c64                func_80044C64
                0x0000000080044cec                func_80044CEC
                0x0000000080044e18                func_80044E18
                0x0000000080044ec0                func_80044EC0
                0x0000000080044f30                func_80044F30
                0x000000008004500c                func_8004500C
                0x0000000080045084                func_80045084
                0x00000000800450cc                func_800450CC
                0x0000000080045140                func_80045140
                0x00000000800451b0                func_800451B0
                0x00000000800452ac                func_800452AC
                0x00000000800452f0                .L800452F0
                0x0000000080045644                .L80045644
                0x000000008004569c                .L8004569C
                0x0000000080045704                .L80045704
                0x000000008004577c                .L8004577C
                0x00000000800457e4                .L800457E4
                0x0000000080045840                .L80045840
                0x00000000800458d4                .L800458D4
                0x00000000800459e8                .L800459E8
                0x0000000080045a1c                .L80045A1C
                0x0000000080045ab4                .L80045AB4
                0x0000000080045ac4                func_80045AC4
                0x0000000080045acc                func_80045ACC
                0x0000000080045b30                .L80045B30
                0x0000000080045bdc                .L80045BDC
                0x0000000080045bfc                .L80045BFC
                0x0000000080045c48                .L80045C48
                0x0000000080045cac                .L80045CAC
                0x0000000080045dbc                .L80045DBC
                0x0000000080045e44                .L80045E44
                0x0000000080045e64                .L80045E64
                0x0000000080045e78                .L80045E78
                0x0000000080045e9c                .L80045E9C
                0x0000000080045f0c                .L80045F0C
                0x0000000080045f9c                .L80045F9C
                0x0000000080046004                .L80046004
                0x0000000080046020                .L80046020
                0x000000008004603c                .L8004603C
                0x000000008004608c                .L8004608C
                0x000000008004609c                .L8004609C
                0x00000000800460f0                func_800460F0
                0x00000000800461f4                func_800461F4
                0x0000000080046264                func_80046264
 build/asm/46FF0.s.o(.text)
 .text          0x00000000800463f0       0xd0 build/asm/46FF0.s.o
                0x00000000800463f0                func_800463F0
                0x0000000080046440                func_80046440
 build/asm/470C0.s.o(.text)
 .text          0x00000000800464c0      0x150 build/asm/470C0.s.o
                0x00000000800464c0                func_800464C0
                0x0000000080046570                func_80046570
 build/asm/47210.s.o(.text)
 .text          0x0000000080046610       0x90 build/asm/47210.s.o
                0x0000000080046610                func_80046610
 build/asm/472A0.s.o(.text)
 .text          0x00000000800466a0      0x230 build/asm/472A0.s.o
                0x00000000800466a0                func_800466A0
                0x0000000080046788                func_80046788
 build/asm/474D0.s.o(.text)
 .text          0x00000000800468d0      0x140 build/asm/474D0.s.o
                0x00000000800468d0                func_800468D0
                0x0000000080046920                func_80046920
 build/asm/47610.s.o(.text)
 .text          0x0000000080046a10       0x90 build/asm/47610.s.o
                0x0000000080046a10                func_80046A10
 build/asm/476A0.s.o(.text)
 .text          0x0000000080046aa0       0xa0 build/asm/476A0.s.o
                0x0000000080046aa0                func_80046AA0
 build/asm/47740.s.o(.text)
 .text          0x0000000080046b40       0x90 build/asm/47740.s.o
                0x0000000080046b40                func_80046B40
 build/asm/477D0.s.o(.text)
 .text          0x0000000080046bd0      0x2f0 build/asm/477D0.s.o
                0x0000000080046bd0                func_80046BD0
                0x0000000080046c20                func_80046C20
                0x0000000080046c64                func_80046C64
                0x0000000080046c90                func_80046C90
                0x0000000080046d60                func_80046D60
                0x0000000080046e24                func_80046E24
 build/asm/47AC0.s.o(.text)
 .text          0x0000000080046ec0       0x80 build/asm/47AC0.s.o
                0x0000000080046ec0                func_80046EC0
 build/asm/47B40.s.o(.text)
 .text          0x0000000080046f40      0x230 build/asm/47B40.s.o
                0x0000000080046f40                func_80046F40
 build/asm/47D70.s.o(.text)
 .text          0x0000000080047170      0xb80 build/asm/47D70.s.o
                0x0000000080047170                func_80047170
                0x00000000800471e4                func_800471E4
                0x00000000800472e0                func_800472E0
                0x0000000080047630                func_80047630
                0x0000000080047794                func_80047794
                0x0000000080047940                func_80047940
                0x0000000080047a14                func_80047A14
 build/asm/488F0.s.o(.text)
 .text          0x0000000080047cf0      0xa50 build/asm/488F0.s.o
                0x0000000080047cf0                func_80047CF0
                0x0000000080048228                func_80048228
                0x00000000800484f4                func_800484F4
                0x0000000080048690                func_80048690
 build/asm/49340.s.o(.text)
 .text          0x0000000080048740      0x170 build/asm/49340.s.o
                0x0000000080048740                func_80048740
                0x0000000080048810                func_80048810
 build/asm/494B0.s.o(.text)
 .text          0x00000000800488b0      0x250 build/asm/494B0.s.o
                0x00000000800488b0                func_800488B0
 build/asm/49700.s.o(.text)
 .text          0x0000000080048b00       0xe0 build/asm/49700.s.o
                0x0000000080048b00                func_80048B00
 build/asm/497E0.s.o(.text)
 .text          0x0000000080048be0      0x1b0 build/asm/497E0.s.o
                0x0000000080048be0                func_80048BE0
 build/asm/49990.s.o(.text)
 .text          0x0000000080048d90       0x30 build/asm/49990.s.o
                0x0000000080048d90                func_80048D90
 build/asm/499C0.s.o(.text)
 .text          0x0000000080048dc0      0x110 build/asm/499C0.s.o
                0x0000000080048dc0                func_80048DC0
 build/asm/49AD0.s.o(.text)
 .text          0x0000000080048ed0       0x60 build/asm/49AD0.s.o
                0x0000000080048ed0                func_80048ED0
 build/asm/49B30.s.o(.text)
 .text          0x0000000080048f30      0x330 build/asm/49B30.s.o
                0x0000000080048f30                func_80048F30
                0x00000000800490c0                func_800490C0
 build/asm/49E60.s.o(.text)
 .text          0x0000000080049260       0x50 build/asm/49E60.s.o
                0x0000000080049260                func_80049260
 build/asm/49EB0.s.o(.text)
 .text          0x00000000800492b0       0x50 build/asm/49EB0.s.o
                0x00000000800492b0                func_800492B0
 build/asm/49F00.s.o(.text)
 .text          0x0000000080049300       0x10 build/asm/49F00.s.o
                0x0000000080049300                func_80049300
 build/asm/49F10.s.o(.text)
 .text          0x0000000080049310      0x2a0 build/asm/49F10.s.o
                0x0000000080049310                func_80049310
 build/asm/4A1B0.s.o(.text)
 .text          0x00000000800495b0      0xac0 build/asm/4A1B0.s.o
                0x00000000800495b0                func_800495B0
                0x0000000080049b18                func_80049B18
                0x0000000080049b20                func_80049B20
 build/asm/4AC70.s.o(.text)
 .text          0x000000008004a070       0x80 build/asm/4AC70.s.o
                0x000000008004a070                func_8004A070
 build/asm/4ACF0.s.o(.text)
 .text          0x000000008004a0f0       0x20 build/asm/4ACF0.s.o
                0x000000008004a0f0                func_8004A0F0
 build/asm/4AD10.s.o(.text)
 .text          0x000000008004a110      0xc50 build/asm/4AD10.s.o
                0x000000008004a110                func_8004A110
                0x000000008004a1b8                func_8004A1B8
                0x000000008004a270                func_8004A270
                0x000000008004a3f8                func_8004A3F8
                0x000000008004a584                func_8004A584
                0x000000008004a7a8                func_8004A7A8
                0x000000008004a7e0                .L8004A7E0
                0x000000008004a814                .L8004A814
                0x000000008004a848                .L8004A848
                0x000000008004a874                .L8004A874
                0x000000008004a8a0                .L8004A8A0
                0x000000008004a8cc                .L8004A8CC
                0x000000008004a934                .L8004A934
                0x000000008004a9ac                .L8004A9AC
                0x000000008004aa04                func_8004AA04
                0x000000008004aa1c                func_8004AA1C
 build/asm/4B960.s.o(.text)
 .text          0x000000008004ad60      0xa90 build/asm/4B960.s.o
                0x000000008004ad60                func_8004AD60
                0x000000008004ad7c                func_8004AD7C
                0x000000008004ad98                func_8004AD98
                0x000000008004ada0                func_8004ADA0
                0x000000008004ada8                func_8004ADA8
                0x000000008004adf4                func_8004ADF4
                0x000000008004af78                func_8004AF78
                0x000000008004b098                func_8004B098
                0x000000008004b17c                func_8004B17C
                0x000000008004b1d0                func_8004B1D0
                0x000000008004b228                func_8004B228
                0x000000008004b278                func_8004B278
                0x000000008004b2a8                func_8004B2A8
                0x000000008004b380                func_8004B380
                0x000000008004b390                func_8004B390
                0x000000008004b530                func_8004B530
                0x000000008004b600                func_8004B600
                0x000000008004b6d0                func_8004B6D0
 build/asm/4C3F0.s.o(.text)
 .text          0x000000008004b7f0      0x190 build/asm/4C3F0.s.o
                0x000000008004b7f0                func_8004B7F0
                0x000000008004b8f0                func_8004B8F0
                0x000000008004b980                main_TEXT_END = .
                0x000000000004b580                main_TEXT_SIZE = ABSOLUTE ((main_TEXT_END - main_TEXT_START))
                0x000000008004b980                main_DATA_START = .
                0x000000008004b980                _4C580_bin = .
 build/assets/4C580.bin.o(.data)
 .data          0x000000008004b980      0x230 build/assets/4C580.bin.o
                0x000000008004b980                _binary_assets_4C580_bin_start
                0x000000008004bbb0                _binary_assets_4C580_bin_end
                0x000000008004bbb0                _1000_c = .
 build/src/1000.c.o(.data)
                0x000000008004bbb0                _1130_c = .
 build/src/1130.c.o(.data)
                0x000000008004bbb0                _1870_s = .
 build/asm/1870.s.o(.data)
 .data          0x000000008004bbb0        0x0 build/asm/1870.s.o
                0x000000008004bbb0                _3B40_s = .
 build/asm/3B40.s.o(.data)
 .data          0x000000008004bbb0        0x0 build/asm/3B40.s.o
                0x000000008004bbb0                _3F50_s = .
 build/asm/3F50.s.o(.data)
 .data          0x000000008004bbb0        0x0 build/asm/3F50.s.o
                0x000000008004bbb0                _9D50_s = .
 build/asm/9D50.s.o(.data)
 .data          0x000000008004bbb0        0x0 build/asm/9D50.s.o
                0x000000008004bbb0                DAE0_s = .
 build/asm/DAE0.s.o(.data)
 .data          0x000000008004bbb0        0x0 build/asm/DAE0.s.o
                0x000000008004bbb0                E2A0_s = .
 build/asm/E2A0.s.o(.data)
 .data          0x000000008004bbb0        0x0 build/asm/E2A0.s.o
                0x000000008004bbb0                _113F0_s = .
 build/asm/113F0.s.o(.data)
 .data          0x000000008004bbb0        0x0 build/asm/113F0.s.o
                0x000000008004bbb0                _13DE0_s = .
 build/asm/13DE0.s.o(.data)
 .data          0x000000008004bbb0        0x0 build/asm/13DE0.s.o
                0x000000008004bbb0                _140D0_s = .
 build/asm/140D0.s.o(.data)
 .data          0x000000008004bbb0        0x0 build/asm/140D0.s.o
                0x000000008004bbb0                _15150_s = .
 build/asm/15150.s.o(.data)
 .data          0x000000008004bbb0        0x0 build/asm/15150.s.o
                0x000000008004bbb0                _17360_s = .
 build/asm/17360.s.o(.data)
 .data          0x000000008004bbb0        0x0 build/asm/17360.s.o
                0x000000008004bbb0                _1B200_s = .
 build/asm/1B200.s.o(.data)
 .data          0x000000008004bbb0        0x0 build/asm/1B200.s.o
                0x000000008004bbb0                _1E570_s = .
 build/asm/1E570.s.o(.data)
 .data          0x000000008004bbb0        0x0 build/asm/1E570.s.o
                0x000000008004bbb0                _1FA00_s = .
 build/asm/1FA00.s.o(.data)
 .data          0x000000008004bbb0        0x0 build/asm/1FA00.s.o
                0x000000008004bbb0                _20DA0_s = .
 build/asm/20DA0.s.o(.data)
 .data          0x000000008004bbb0        0x0 build/asm/20DA0.s.o
                0x000000008004bbb0                _216E0_s = .
 build/asm/216E0.s.o(.data)
 .data          0x000000008004bbb0        0x0 build/asm/216E0.s.o
                0x000000008004bbb0                _272D0_s = .
 build/asm/272D0.s.o(.data)
 .data          0x000000008004bbb0        0x0 build/asm/272D0.s.o
                0x000000008004bbb0                _27600_s = .
 build/asm/27600.s.o(.data)
 .data          0x000000008004bbb0        0x0 build/asm/27600.s.o
                0x000000008004bbb0                _27A90_s = .
 build/asm/27A90.s.o(.data)
 .data          0x000000008004bbb0        0x0 build/asm/27A90.s.o
                0x000000008004bbb0                _28D20_s = .
 build/asm/28D20.s.o(.data)
 .data          0x000000008004bbb0        0x0 build/asm/28D20.s.o
                0x000000008004bbb0                _29150_s = .
 build/asm/29150.s.o(.data)
 .data          0x000000008004bbb0        0x0 build/asm/29150.s.o
                0x000000008004bbb0                _2B0F0_s = .
 build/asm/2B0F0.s.o(.data)
 .data          0x000000008004bbb0        0x0 build/asm/2B0F0.s.o
                0x000000008004bbb0                _337B0_s = .
 build/asm/337B0.s.o(.data)
 .data          0x000000008004bbb0        0x0 build/asm/337B0.s.o
                0x000000008004bbb0                _35EC0_s = .
 build/asm/35EC0.s.o(.data)
 .data          0x000000008004bbb0        0x0 build/asm/35EC0.s.o
                0x000000008004bbb0                _363B0_s = .
 build/asm/363B0.s.o(.data)
 .data          0x000000008004bbb0        0x0 build/asm/363B0.s.o
                0x000000008004bbb0                _36DB0_s = .
 build/asm/36DB0.s.o(.data)
 .data          0x000000008004bbb0        0x0 build/asm/36DB0.s.o
                0x000000008004bbb0                _36E60_s = .
 build/asm/36E60.s.o(.data)
 .data          0x000000008004bbb0        0x0 build/asm/36E60.s.o
                0x000000008004bbb0                _376C0_s = .
 build/asm/376C0.s.o(.data)
 .data          0x000000008004bbb0        0x0 build/asm/376C0.s.o
                0x000000008004bbb0                _37980_s = .
 build/asm/37980.s.o(.data)
 .data          0x000000008004bbb0        0x0 build/asm/37980.s.o
                0x000000008004bbb0                _37AD0_s = .
 build/asm/37AD0.s.o(.data)
 .data          0x000000008004bbb0        0x0 build/asm/37AD0.s.o
                0x000000008004bbb0                _37E40_s = .
 build/asm/37E40.s.o(.data)